Archive member included to satisfy reference by file (symbol)

/usr/arm-linux-gnueabihf/lib/libc_nonshared.a(elf-init.oS)
                              /usr/lib/gcc-cross/arm-linux-gnueabihf/5/../../../../arm-linux-gnueabihf/lib/../lib/crt1.o (__libc_csu_init)

As-needed library included to satisfy reference by file (symbol)

libwiringPi.so                build_Orange_pi/ili9340.o (delay)
libpthread.so.0               build_Orange_pi/gpio.o (close@@GLIBC_2.4)
libm.so.6                     build_Orange_pi/ili9340.o (sqrt@@GLIBC_2.4)
libgcc_s.so.1                 build_Orange_pi/main.o (__aeabi_unwind_cpp_pr0@@GCC_3.5)
libc.so.6                     build_Orange_pi/rs232.o (readdir@@GLIBC_2.4)
ld-linux-armhf.so.3           build_Orange_pi/fontx.o (__stack_chk_guard@@GLIBC_2.4)

Allocating common symbols
Common symbol       size              file

_width              0x4               build_Orange_pi/ili9340.o
_FONT_FILL_COLOR_   0x2               build_Orange_pi/ili9340.o
_offsetx            0x4               build_Orange_pi/ili9340.o
_FONT_FILL_         0x2               build_Orange_pi/ili9340.o
_height             0x4               build_Orange_pi/ili9340.o
_offsety            0x4               build_Orange_pi/ili9340.o
_FONT_DIRECTION_    0x2               build_Orange_pi/ili9340.o
_FONT_UNDER_LINE_   0x2               build_Orange_pi/ili9340.o
_FONT_UNDER_LINE_COLOR_
                    0x2               build_Orange_pi/ili9340.o
HSPI_INSTANCE       0x30              build_Orange_pi/ILI9341_STM32_Driver.o

Discarded input sections

 .note.GNU-stack
                0x0000000000000000        0x0 /usr/lib/gcc-cross/arm-linux-gnueabihf/5/../../../../arm-linux-gnueabihf/lib/../lib/crt1.o
 .note.GNU-stack
                0x0000000000000000        0x0 /usr/lib/gcc-cross/arm-linux-gnueabihf/5/../../../../arm-linux-gnueabihf/lib/../lib/crti.o
 .note.GNU-stack
                0x0000000000000000        0x0 /usr/lib/gcc-cross/arm-linux-gnueabihf/5/crtbegin.o
 .note.GNU-stack
                0x0000000000000000        0x0 build_Orange_pi/main.o
 .note.GNU-stack
                0x0000000000000000        0x0 build_Orange_pi/fontx.o
 .note.GNU-stack
                0x0000000000000000        0x0 build_Orange_pi/ili9340.o
 .note.GNU-stack
                0x0000000000000000        0x0 build_Orange_pi/ILI9341_GFX.o
 .note.GNU-stack
                0x0000000000000000        0x0 build_Orange_pi/ILI9341_STM32_Driver.o
 .note.GNU-stack
                0x0000000000000000        0x0 build_Orange_pi/gpio.o
 .note.GNU-stack
                0x0000000000000000        0x0 build_Orange_pi/rs232.o
 .note.GNU-stack
                0x0000000000000000        0x0 build_Orange_pi/spi.o
 .note.GNU-stack
                0x0000000000000000        0x0 /usr/arm-linux-gnueabihf/lib/libc_nonshared.a(elf-init.oS)
 .note.GNU-stack
                0x0000000000000000        0x0 /usr/lib/gcc-cross/arm-linux-gnueabihf/5/crtend.o
 .note.GNU-stack
                0x0000000000000000        0x0 /usr/lib/gcc-cross/arm-linux-gnueabihf/5/../../../../arm-linux-gnueabihf/lib/../lib/crtn.o

Memory Configuration

Name             Origin             Length             Attributes
*default*        0x0000000000000000 0xffffffffffffffff

Linker script and memory map

LOAD /usr/lib/gcc-cross/arm-linux-gnueabihf/5/../../../../arm-linux-gnueabihf/lib/../lib/crt1.o
LOAD /usr/lib/gcc-cross/arm-linux-gnueabihf/5/../../../../arm-linux-gnueabihf/lib/../lib/crti.o
LOAD /usr/lib/gcc-cross/arm-linux-gnueabihf/5/crtbegin.o
LOAD build_Orange_pi/main.o
LOAD build_Orange_pi/fontx.o
LOAD build_Orange_pi/ili9340.o
LOAD build_Orange_pi/ILI9341_GFX.o
LOAD build_Orange_pi/ILI9341_STM32_Driver.o
LOAD build_Orange_pi/gpio.o
LOAD build_Orange_pi/rs232.o
LOAD build_Orange_pi/spi.o
LOAD /home/chuong/megasyn/ili9340_Orangepi_pcPlus/linux_app/lib/libwiringPi.so
LOAD /usr/lib/gcc-cross/arm-linux-gnueabihf/5/../../../../arm-linux-gnueabihf/lib/../lib/libpthread.so
START GROUP
LOAD /usr/arm-linux-gnueabihf/lib/libpthread.so.0
LOAD /usr/arm-linux-gnueabihf/lib/libpthread_nonshared.a
END GROUP
LOAD /usr/lib/gcc-cross/arm-linux-gnueabihf/5/../../../../arm-linux-gnueabihf/lib/../lib/librt.so
LOAD /usr/lib/gcc-cross/arm-linux-gnueabihf/5/libstdc++.so
LOAD /usr/lib/gcc-cross/arm-linux-gnueabihf/5/../../../../arm-linux-gnueabihf/lib/../lib/libm.so
LOAD /usr/lib/gcc-cross/arm-linux-gnueabihf/5/libgcc_s.so
START GROUP
LOAD /usr/lib/gcc-cross/arm-linux-gnueabihf/5/libgcc_s.so.1
LOAD /usr/lib/gcc-cross/arm-linux-gnueabihf/5/libgcc.a
END GROUP
LOAD /usr/lib/gcc-cross/arm-linux-gnueabihf/5/libgcc.a
LOAD /usr/lib/gcc-cross/arm-linux-gnueabihf/5/../../../../arm-linux-gnueabihf/lib/../lib/libc.so
START GROUP
LOAD /usr/arm-linux-gnueabihf/lib/libc.so.6
LOAD /usr/arm-linux-gnueabihf/lib/libc_nonshared.a
LOAD /usr/arm-linux-gnueabihf/lib/ld-linux-armhf.so.3
END GROUP
LOAD /usr/lib/gcc-cross/arm-linux-gnueabihf/5/libgcc_s.so
START GROUP
LOAD /usr/lib/gcc-cross/arm-linux-gnueabihf/5/libgcc_s.so.1
LOAD /usr/lib/gcc-cross/arm-linux-gnueabihf/5/libgcc.a
END GROUP
LOAD /usr/lib/gcc-cross/arm-linux-gnueabihf/5/libgcc.a
LOAD /usr/lib/gcc-cross/arm-linux-gnueabihf/5/crtend.o
LOAD /usr/lib/gcc-cross/arm-linux-gnueabihf/5/../../../../arm-linux-gnueabihf/lib/../lib/crtn.o
                [!provide]                        PROVIDE (__executable_start, 0x10000)
                0x0000000000010154                . = (0x10000 + SIZEOF_HEADERS)

.interp         0x0000000000010154       0x19
 *(.interp)
 .interp        0x0000000000010154       0x19 /usr/lib/gcc-cross/arm-linux-gnueabihf/5/../../../../arm-linux-gnueabihf/lib/../lib/crt1.o

.note.ABI-tag   0x0000000000010170       0x20
 .note.ABI-tag  0x0000000000010170       0x20 /usr/lib/gcc-cross/arm-linux-gnueabihf/5/../../../../arm-linux-gnueabihf/lib/../lib/crt1.o

.note.gnu.build-id
                0x0000000000010190       0x24
 *(.note.gnu.build-id)
 .note.gnu.build-id
                0x0000000000010190       0x24 linker stubs

.hash
 *(.hash)

.gnu.hash       0x00000000000101b4      0x1d0
 *(.gnu.hash)
 .gnu.hash      0x00000000000101b4      0x1d0 /usr/lib/gcc-cross/arm-linux-gnueabihf/5/../../../../arm-linux-gnueabihf/lib/../lib/crt1.o

.dynsym         0x0000000000010384      0x410
 *(.dynsym)
 .dynsym        0x0000000000010384      0x410 /usr/lib/gcc-cross/arm-linux-gnueabihf/5/../../../../arm-linux-gnueabihf/lib/../lib/crt1.o

.dynstr         0x0000000000010794      0x2c7
 *(.dynstr)
 .dynstr        0x0000000000010794      0x2c7 /usr/lib/gcc-cross/arm-linux-gnueabihf/5/../../../../arm-linux-gnueabihf/lib/../lib/crt1.o

.gnu.version    0x0000000000010a5c       0x82
 *(.gnu.version)
 .gnu.version   0x0000000000010a5c       0x82 /usr/lib/gcc-cross/arm-linux-gnueabihf/5/../../../../arm-linux-gnueabihf/lib/../lib/crt1.o

.gnu.version_d  0x0000000000010ae0        0x0
 *(.gnu.version_d)
 .gnu.version_d
                0x0000000000010ae0        0x0 /usr/lib/gcc-cross/arm-linux-gnueabihf/5/../../../../arm-linux-gnueabihf/lib/../lib/crt1.o

.gnu.version_r  0x0000000000010ae0       0xa0
 *(.gnu.version_r)
 .gnu.version_r
                0x0000000000010ae0       0xa0 /usr/lib/gcc-cross/arm-linux-gnueabihf/5/../../../../arm-linux-gnueabihf/lib/../lib/crt1.o

.rel.dyn        0x0000000000010b80       0x18
 *(.rel.init)
 *(.rel.text .rel.text.* .rel.gnu.linkonce.t.*)
 *(.rel.fini)
 *(.rel.rodata .rel.rodata.* .rel.gnu.linkonce.r.*)
 *(.rel.data.rel.ro .rel.data.rel.ro.* .rel.gnu.linkonce.d.rel.ro.*)
 *(.rel.data .rel.data.* .rel.gnu.linkonce.d.*)
 *(.rel.tdata .rel.tdata.* .rel.gnu.linkonce.td.*)
 *(.rel.tbss .rel.tbss.* .rel.gnu.linkonce.tb.*)
 *(.rel.ctors)
 *(.rel.dtors)
 *(.rel.got)
 .rel.got       0x0000000000010b80        0x8 /usr/lib/gcc-cross/arm-linux-gnueabihf/5/../../../../arm-linux-gnueabihf/lib/../lib/crt1.o
 *(.rel.bss .rel.bss.* .rel.gnu.linkonce.b.*)
 .rel.bss       0x0000000000010b88       0x10 /usr/lib/gcc-cross/arm-linux-gnueabihf/5/../../../../arm-linux-gnueabihf/lib/../lib/crt1.o
                [!provide]                        PROVIDE (__rel_iplt_start, .)
 *(.rel.iplt)
 .rel.iplt      0x0000000000010b98        0x0 /usr/lib/gcc-cross/arm-linux-gnueabihf/5/../../../../arm-linux-gnueabihf/lib/../lib/crt1.o
                [!provide]                        PROVIDE (__rel_iplt_end, .)

.rela.dyn       0x0000000000010b98        0x0
 *(.rela.init)
 *(.rela.text .rela.text.* .rela.gnu.linkonce.t.*)
 *(.rela.fini)
 *(.rela.rodata .rela.rodata.* .rela.gnu.linkonce.r.*)
 *(.rela.data .rela.data.* .rela.gnu.linkonce.d.*)
 *(.rela.tdata .rela.tdata.* .rela.gnu.linkonce.td.*)
 *(.rela.tbss .rela.tbss.* .rela.gnu.linkonce.tb.*)
 *(.rela.ctors)
 *(.rela.dtors)
 *(.rela.got)
 *(.rela.bss .rela.bss.* .rela.gnu.linkonce.b.*)
                [!provide]                        PROVIDE (__rela_iplt_start, .)
 *(.rela.iplt)
                [!provide]                        PROVIDE (__rela_iplt_end, .)

.rel.plt        0x0000000000010b98      0x188
 *(.rel.plt)
 .rel.plt       0x0000000000010b98      0x188 /usr/lib/gcc-cross/arm-linux-gnueabihf/5/../../../../arm-linux-gnueabihf/lib/../lib/crt1.o

.rela.plt
 *(.rela.plt)

.init           0x0000000000010d20        0xc
 *(SORT(.init))
 .init          0x0000000000010d20        0x8 /usr/lib/gcc-cross/arm-linux-gnueabihf/5/../../../../arm-linux-gnueabihf/lib/../lib/crti.o
                0x0000000000010d20                _init
 .init          0x0000000000010d28        0x4 /usr/lib/gcc-cross/arm-linux-gnueabihf/5/../../../../arm-linux-gnueabihf/lib/../lib/crtn.o

.plt            0x0000000000010d2c      0x260
 *(.plt)
 .plt           0x0000000000010d2c      0x260 /usr/lib/gcc-cross/arm-linux-gnueabihf/5/../../../../arm-linux-gnueabihf/lib/../lib/crt1.o
                0x0000000000010d40                __aeabi_uidiv@@GCC_3.5
                0x0000000000010d4c                iconv_close@@GLIBC_2.4
                0x0000000000010d58                iconv@@GLIBC_2.4
                0x0000000000010d64                strcmp@@GLIBC_2.4
                0x0000000000010d70                printf@@GLIBC_2.4
                0x0000000000010d7c                fopen@@GLIBC_2.4
                0x0000000000010d88                read@@GLIBC_2.4
                0x0000000000010d94                free@@GLIBC_2.4
                0x0000000000010da0                memcpy@@GLIBC_2.4
                0x0000000000010dac                digitalWrite
                0x0000000000010db8                memcmp@@GLIBC_2.4
                0x0000000000010dc4                strdup@@GLIBC_2.4
                0x0000000000010dd0                __stack_chk_fail@@GLIBC_2.4
                0x0000000000010ddc                perror@@GLIBC_2.4
                0x0000000000010de8                cfsetospeed@@GLIBC_2.4
                0x0000000000010df4                ioctl@@GLIBC_2.4
                0x0000000000010e00                usleep@@GLIBC_2.4
                0x0000000000010e0c                tcsetattr@@GLIBC_2.4
                0x0000000000010e18                fread@@GLIBC_2.4
                0x0000000000010e24                delay
                0x0000000000010e30                opendir@@GLIBC_2.4
                0x0000000000010e3c                puts@@GLIBC_2.4
                0x0000000000010e48                iconv_open@@GLIBC_2.4
                0x0000000000010e54                __libc_start_main@@GLIBC_2.4
                0x0000000000010e60                tcdrain@@GLIBC_2.4
                0x0000000000010e78                open@@GLIBC_2.4
                0x0000000000010e84                strlen@@GLIBC_2.4
                0x0000000000010e90                fprintf@@GLIBC_2.4
                0x0000000000010e9c                cfsetispeed@@GLIBC_2.4
                0x0000000000010ea8                sqrt@@GLIBC_2.4
                0x0000000000010eb4                wiringPiSPIDataRW
                0x0000000000010ec0                snprintf@@GLIBC_2.4
                0x0000000000010ecc                __aeabi_uidivmod@@GCC_3.5
                0x0000000000010ed8                memset@@GLIBC_2.4
                0x0000000000010ee4                putchar@@GLIBC_2.4
                0x0000000000010ef0                write@@GLIBC_2.4
                0x0000000000010efc                pinMode
                0x0000000000010f08                wiringPiSPISetup
                0x0000000000010f14                wiringPiSetup
                0x0000000000010f20                fclose@@GLIBC_2.4
                0x0000000000010f2c                readdir@@GLIBC_2.4
                0x0000000000010f38                sprintf@@GLIBC_2.4
                0x0000000000010f44                atoi@@GLIBC_2.4
                0x0000000000010f50                fseek@@GLIBC_2.4
                0x0000000000010f5c                abort@@GLIBC_2.4
                0x0000000000010f68                close@@GLIBC_2.4
                0x0000000000010f74                closedir@@GLIBC_2.4
                0x0000000000010f80                tcgetattr@@GLIBC_2.4

.iplt           0x0000000000010f8c        0x0
 *(.iplt)
 .iplt          0x0000000000010f8c        0x0 /usr/lib/gcc-cross/arm-linux-gnueabihf/5/../../../../arm-linux-gnueabihf/lib/../lib/crt1.o

.text           0x0000000000010f8c     0x4610
 *(.text.unlikely .text.*_unlikely .text.unlikely.*)
 *(.text.exit .text.exit.*)
 *(.text.startup .text.startup.*)
 .text.startup  0x0000000000010f8c       0x60 build_Orange_pi/main.o
                0x0000000000010f8c                main
 *(.text.hot .text.hot.*)
 *(.text .stub .text.* .gnu.linkonce.t.*)
 .text          0x0000000000010fec       0x30 /usr/lib/gcc-cross/arm-linux-gnueabihf/5/../../../../arm-linux-gnueabihf/lib/../lib/crt1.o
                0x0000000000010fec                _start
 .text          0x000000000001101c       0x24 /usr/lib/gcc-cross/arm-linux-gnueabihf/5/../../../../arm-linux-gnueabihf/lib/../lib/crti.o
 .text          0x0000000000011040       0x8c /usr/lib/gcc-cross/arm-linux-gnueabihf/5/crtbegin.o
 .text          0x00000000000110cc        0x0 build_Orange_pi/main.o
 .text          0x00000000000110cc      0xc4c build_Orange_pi/fontx.o
                0x00000000000110cc                Fontx_addFont
                0x00000000000110f4                Fontx_init
                0x000000000001111c                Fontx_openFontxFile
                0x000000000001122c                Fontx_closeFontxFile
                0x0000000000011254                GetFontx
                0x0000000000011558                Font2Bitmap
                0x00000000000116e4                UnderlineBitmap
                0x0000000000011764                ReversBitmap
                0x00000000000117d8                ShowFont
                0x0000000000011890                ShowBitmap
                0x0000000000011990                DumpFX
                0x0000000000011ac4                UTF2SJIS
                0x0000000000011b88                String2SJIS
                0x0000000000011cd4                RotateByte
 .text          0x0000000000011d18     0x1788 build_Orange_pi/ili9340.o
                0x0000000000011d18                lcdWriteCommandByte
                0x0000000000011d40                lcdWriteDataByte
                0x0000000000011d68                lcdWriteDataWord
                0x0000000000011d98                lcdWriteAddr
                0x0000000000011df8                lcdWriteColor
                0x0000000000011ebc                lcdInit
                0x0000000000011f6c                lcdReset
                0x0000000000011fb8                lcdSetup
                0x0000000000012130                lcdDrawPixel
                0x00000000000121d0                lcdDrawFillRect
                0x0000000000012304                lcdDisplayOff
                0x0000000000012314                lcdDisplayOn
                0x0000000000012324                lcdInversionOn
                0x0000000000012334                lcdFillScreen
                0x0000000000012374                lcdDrawLine
                0x00000000000124a0                lcdDrawRect
                0x0000000000012510                lcdDrawCircle
                0x0000000000012600                lcdDrawFillCircle
                0x0000000000012700                lcdDrawRoundRect
                0x00000000000128e8                lcdDrawArrow
                0x0000000000012ae4                lcdDrawFillArrow
                0x0000000000012e48                rgb565_conv
                0x0000000000012e8c                lcdDrawSJISChar
                0x0000000000013210                lcdDrawUTF8Char
                0x0000000000013268                lcdDrawUTF8String
                0x00000000000133e4                lcdSetFontDirection
                0x0000000000013408                lcdSetFontFill
                0x0000000000013438                lcdUnsetFontFill
                0x0000000000013454                lcdSetFontUnderLine
                0x0000000000013484                lcdUnsetFontUnderLine
 .text          0x00000000000134a0      0x978 build_Orange_pi/ILI9341_GFX.o
                0x00000000000134a0                ILI9341_Draw_Hollow_Circle
                0x000000000001360c                ILI9341_Draw_Filled_Circle
                0x000000000001371c                ILI9341_Draw_Hollow_Rectangle_Coord
                0x0000000000013820                ILI9341_Draw_Filled_Rectangle_Coord
                0x00000000000138dc                ILI9341_Draw_Char
                0x0000000000013a34                ILI9341_Draw_Text
                0x0000000000013a90                ILI9341_Draw_Image
 .text          0x0000000000013e18      0xb08 build_Orange_pi/ILI9341_STM32_Driver.o
                0x0000000000013e18                HAL_Delay
                0x0000000000013e44                GPIO_Init
                0x0000000000013e7c                SPI_Init
                0x0000000000013ebc                ILI9341_SPI_Init
                0x0000000000013ed4                ILI9341_SPI_Send
                0x0000000000013f20                ILI9341_Write_Command
                0x0000000000013f54                ILI9341_Write_Data
                0x0000000000013f88                ILI9341_Set_Address
                0x0000000000014020                ILI9341_Reset
                0x000000000001404c                ILI9341_Set_Rotation
                0x0000000000014118                ILI9341_Enable
                0x0000000000014128                ILI9341_Init
                0x000000000001434c                ILI9341_Draw_Colour
                0x00000000000143d0                ILI9341_Draw_Colour_Burst
                0x0000000000014520                ILI9341_Fill_Screen
                0x000000000001457c                ILI9341_Draw_Pixel
                0x0000000000014718                ILI9341_Draw_Rectangle
                0x00000000000147f0                ILI9341_Draw_Horizontal_Line
                0x0000000000014888                ILI9341_Draw_Vertical_Line
 .text          0x0000000000014920      0x34c build_Orange_pi/gpio.o
                0x0000000000014920                gpio_export
                0x00000000000149a4                gpio_unexport
                0x0000000000014a28                gpio_dir
                0x0000000000014ac4                gpio_dir_out
                0x0000000000014ae0                gpio_dir_in
                0x0000000000014afc                gpio_value
                0x0000000000014b98                gpioRead
 .text          0x0000000000014c6c      0x668 build_Orange_pi/rs232.o
                0x0000000000014c6c                comEnumerate
                0x0000000000014d14                comTerminate
                0x0000000000014d78                comGetNoPorts
                0x0000000000014d90                comFindPort
                0x0000000000014de0                comGetInternalName
                0x0000000000014e38                comGetPortName
                0x0000000000014e74                comOpen
                0x0000000000014fcc                comClose
                0x000000000001502c                comCloseAll
                0x000000000001505c                comWrite
                0x00000000000150cc                comRead
                0x000000000001513c                _BaudFlag
                0x0000000000015224                _AppendDevices
 .text          0x00000000000152d4      0x288 build_Orange_pi/spi.o
                0x00000000000152d4                spi_init
                0x000000000001542c                spi_free
                0x0000000000015448                spi_read
                0x00000000000154a4                spi_write
                0x0000000000015500                spi_exchange
 .text          0x000000000001555c       0x40 /usr/arm-linux-gnueabihf/lib/libc_nonshared.a(elf-init.oS)
                0x000000000001555c                __libc_csu_init
                0x0000000000015598                __libc_csu_fini
 .text          0x000000000001559c        0x0 /usr/lib/gcc-cross/arm-linux-gnueabihf/5/crtend.o
 .text          0x000000000001559c        0x0 /usr/lib/gcc-cross/arm-linux-gnueabihf/5/../../../../arm-linux-gnueabihf/lib/../lib/crtn.o
 *(.gnu.warning)
 *(.glue_7t)
 .glue_7t       0x000000000001559c        0x0 linker stubs
 *(.glue_7)
 .glue_7        0x000000000001559c        0x0 linker stubs
 *(.vfp11_veneer)
 .vfp11_veneer  0x000000000001559c        0x0 linker stubs
 *(.v4_bx)
 .v4_bx         0x000000000001559c        0x0 linker stubs

.fini           0x000000000001559c        0x8
 *(SORT(.fini))
 .fini          0x000000000001559c        0x4 /usr/lib/gcc-cross/arm-linux-gnueabihf/5/../../../../arm-linux-gnueabihf/lib/../lib/crti.o
                0x000000000001559c                _fini
 .fini          0x00000000000155a0        0x4 /usr/lib/gcc-cross/arm-linux-gnueabihf/5/../../../../arm-linux-gnueabihf/lib/../lib/crtn.o
                [!provide]                        PROVIDE (__etext, .)
                [!provide]                        PROVIDE (_etext, .)
                [!provide]                        PROVIDE (etext, .)

.rodata         0x00000000000155a4      0x57d
 *(.rodata .rodata.* .gnu.linkonce.r.*)
 .rodata.cst4   0x00000000000155a4        0x4 /usr/lib/gcc-cross/arm-linux-gnueabihf/5/../../../../arm-linux-gnueabihf/lib/../lib/crt1.o
                0x00000000000155a4                _IO_stdin_used
 .rodata.str1.4
                0x00000000000155a8       0x1c build_Orange_pi/main.o
 .rodata        0x00000000000155c4      0x145 build_Orange_pi/fontx.o
 *fill*         0x0000000000015709        0x3 
 .rodata        0x000000000001570c       0x1d build_Orange_pi/ili9340.o
 *fill*         0x0000000000015729        0x3 
 .rodata        0x000000000001572c      0x240 build_Orange_pi/ILI9341_GFX.o
 .rodata        0x000000000001596c       0x7c build_Orange_pi/ILI9341_STM32_Driver.o
 .rodata        0x00000000000159e8       0xf1 build_Orange_pi/gpio.o
 *fill*         0x0000000000015ad9        0x3 
 .rodata        0x0000000000015adc       0x45 build_Orange_pi/rs232.o

.rodata1
 *(.rodata1)

.ARM.extab      0x0000000000015b21        0x0
 *(.ARM.extab* .gnu.linkonce.armextab.*)
 .ARM.extab     0x0000000000015b21        0x0 /usr/lib/gcc-cross/arm-linux-gnueabihf/5/../../../../arm-linux-gnueabihf/lib/../lib/crt1.o
 .ARM.extab.text.startup
                0x0000000000015b21        0x0 build_Orange_pi/main.o
                [!provide]                        PROVIDE (__exidx_start, .)

.ARM.exidx      0x0000000000015b24       0x10
 *(.ARM.exidx* .gnu.linkonce.armexidx.*)
 .ARM.exidx     0x0000000000015b2c        0x8 /usr/lib/gcc-cross/arm-linux-gnueabihf/5/../../../../arm-linux-gnueabihf/lib/../lib/crt1.o
 .ARM.exidx.text.startup
                0x0000000000015b24        0x8 build_Orange_pi/main.o
                [!provide]                        PROVIDE (__exidx_end, .)

.eh_frame_hdr
 *(.eh_frame_hdr)
 *(.eh_frame_entry .eh_frame_entry.*)

.eh_frame       0x0000000000015b34        0x4
 *(.eh_frame)
 .eh_frame      0x0000000000015b34        0x4 /usr/lib/gcc-cross/arm-linux-gnueabihf/5/crtend.o
 *(.eh_frame.*)

.gcc_except_table
 *(.gcc_except_table .gcc_except_table.*)

.gnu_extab
 *(.gnu_extab*)

.exception_ranges
 *(.exception_ranges .exception_ranges*)
                0x0000000000025ee4                . = DATA_SEGMENT_ALIGN (0x10000, 0x1000)

.eh_frame
 *(.eh_frame)
 *(.eh_frame.*)

.gnu_extab
 *(.gnu_extab)

.gcc_except_table
 *(.gcc_except_table .gcc_except_table.*)

.exception_ranges
 *(.exception_ranges .exception_ranges*)

.tdata
 *(.tdata .tdata.* .gnu.linkonce.td.*)

.tbss
 *(.tbss .tbss.* .gnu.linkonce.tb.*)
 *(.tcommon)

.preinit_array  0x0000000000025ee4        0x0
                [!provide]                        PROVIDE (__preinit_array_start, .)
 *(.preinit_array)
                [!provide]                        PROVIDE (__preinit_array_end, .)

.init_array     0x0000000000025ee4        0x4
                0x0000000000025ee4                PROVIDE (__init_array_start, .)
 *(SORT(.init_array.*) SORT(.ctors.*))
 *(.init_array EXCLUDE_FILE(*crtend?.o *crtend.o *crtbegin?.o *crtbegin.o) .ctors)
 .init_array    0x0000000000025ee4        0x4 /usr/lib/gcc-cross/arm-linux-gnueabihf/5/crtbegin.o
                0x0000000000025ee8                PROVIDE (__init_array_end, .)

.fini_array     0x0000000000025ee8        0x4
                [!provide]                        PROVIDE (__fini_array_start, .)
 *(SORT(.fini_array.*) SORT(.dtors.*))
 *(.fini_array EXCLUDE_FILE(*crtend?.o *crtend.o *crtbegin?.o *crtbegin.o) .dtors)
 .fini_array    0x0000000000025ee8        0x4 /usr/lib/gcc-cross/arm-linux-gnueabihf/5/crtbegin.o
                [!provide]                        PROVIDE (__fini_array_end, .)

.ctors
 *crtbegin.o(.ctors)
 *crtbegin?.o(.ctors)
 *(EXCLUDE_FILE(*crtend?.o *crtend.o) .ctors)
 *(SORT(.ctors.*))
 *(.ctors)

.dtors
 *crtbegin.o(.dtors)
 *crtbegin?.o(.dtors)
 *(EXCLUDE_FILE(*crtend?.o *crtend.o) .dtors)
 *(SORT(.dtors.*))
 *(.dtors)

.jcr            0x0000000000025eec        0x4
 *(.jcr)
 .jcr           0x0000000000025eec        0x0 /usr/lib/gcc-cross/arm-linux-gnueabihf/5/crtbegin.o
 .jcr           0x0000000000025eec        0x4 /usr/lib/gcc-cross/arm-linux-gnueabihf/5/crtend.o

.data.rel.ro
 *(.data.rel.ro.local* .gnu.linkonce.d.rel.ro.local.*)
 *(.data.rel.ro .data.rel.ro.* .gnu.linkonce.d.rel.ro.*)

.dynamic        0x0000000000025ef0      0x110
 *(.dynamic)
 .dynamic       0x0000000000025ef0      0x110 /usr/lib/gcc-cross/arm-linux-gnueabihf/5/../../../../arm-linux-gnueabihf/lib/../lib/crt1.o
                0x0000000000025ef0                _DYNAMIC
                0x0000000000026000                . = DATA_SEGMENT_RELRO_END (., 0x0)

.got            0x0000000000026000       0xd4
 *(.got.plt)
 .got.plt       0x0000000000026000       0xd0 /usr/lib/gcc-cross/arm-linux-gnueabihf/5/../../../../arm-linux-gnueabihf/lib/../lib/crt1.o
                0x0000000000026000                _GLOBAL_OFFSET_TABLE_
 *(.igot.plt)
 .igot.plt      0x00000000000260d0        0x0 /usr/lib/gcc-cross/arm-linux-gnueabihf/5/../../../../arm-linux-gnueabihf/lib/../lib/crt1.o
 *(.got)
 .got           0x00000000000260d0        0x4 /usr/lib/gcc-cross/arm-linux-gnueabihf/5/../../../../arm-linux-gnueabihf/lib/../lib/crt1.o
 *(.igot)

.data           0x00000000000260d4       0x20
                [!provide]                        PROVIDE (__data_start, .)
 *(.data .data.* .gnu.linkonce.d.*)
 .data          0x00000000000260d4        0x4 /usr/lib/gcc-cross/arm-linux-gnueabihf/5/../../../../arm-linux-gnueabihf/lib/../lib/crt1.o
                0x00000000000260d4                data_start
                0x00000000000260d4                __data_start
 .data          0x00000000000260d8        0x0 /usr/lib/gcc-cross/arm-linux-gnueabihf/5/../../../../arm-linux-gnueabihf/lib/../lib/crti.o
 .data          0x00000000000260d8        0x4 /usr/lib/gcc-cross/arm-linux-gnueabihf/5/crtbegin.o
                0x00000000000260d8                __dso_handle
 .data          0x00000000000260dc        0x0 build_Orange_pi/main.o
 .data          0x00000000000260dc        0x0 build_Orange_pi/fontx.o
 .data          0x00000000000260dc        0x0 build_Orange_pi/ili9340.o
 .data          0x00000000000260dc        0x0 build_Orange_pi/ILI9341_GFX.o
 .data          0x00000000000260dc        0x4 build_Orange_pi/ILI9341_STM32_Driver.o
                0x00000000000260dc                LCD_HEIGHT
                0x00000000000260de                LCD_WIDTH
 .data          0x00000000000260e0        0x0 build_Orange_pi/gpio.o
 .data          0x00000000000260e0       0x14 build_Orange_pi/rs232.o
 .data          0x00000000000260f4        0x0 build_Orange_pi/spi.o
 .data          0x00000000000260f4        0x0 /usr/arm-linux-gnueabihf/lib/libc_nonshared.a(elf-init.oS)
 .data          0x00000000000260f4        0x0 /usr/lib/gcc-cross/arm-linux-gnueabihf/5/crtend.o
 .data          0x00000000000260f4        0x0 /usr/lib/gcc-cross/arm-linux-gnueabihf/5/../../../../arm-linux-gnueabihf/lib/../lib/crtn.o

.tm_clone_table
                0x00000000000260f4        0x0
 .tm_clone_table
                0x00000000000260f4        0x0 /usr/lib/gcc-cross/arm-linux-gnueabihf/5/crtbegin.o
 .tm_clone_table
                0x00000000000260f4        0x0 /usr/lib/gcc-cross/arm-linux-gnueabihf/5/crtend.o

.data1
 *(.data1)
                0x00000000000260f4                _edata = .
                [!provide]                        PROVIDE (edata, .)
                0x00000000000260f4                . = .
                0x00000000000260f4                __bss_start = .
                0x00000000000260f4                __bss_start__ = .

.bss            0x00000000000260f8      0x2e8
 *(.dynbss)
 .dynbss        0x00000000000260f8        0xc /usr/lib/gcc-cross/arm-linux-gnueabihf/5/../../../../arm-linux-gnueabihf/lib/../lib/crt1.o
                0x00000000000260f8                __stack_chk_guard@@GLIBC_2.4
                0x0000000000026100                stderr@@GLIBC_2.4
 *(.bss .bss.* .gnu.linkonce.b.*)
 .bss           0x0000000000026104        0x0 /usr/lib/gcc-cross/arm-linux-gnueabihf/5/../../../../arm-linux-gnueabihf/lib/../lib/crt1.o
 .bss           0x0000000000026104        0x0 /usr/lib/gcc-cross/arm-linux-gnueabihf/5/../../../../arm-linux-gnueabihf/lib/../lib/crti.o
 .bss           0x0000000000026104        0x1 /usr/lib/gcc-cross/arm-linux-gnueabihf/5/crtbegin.o
 .bss           0x0000000000026105        0x0 build_Orange_pi/main.o
 .bss           0x0000000000026105        0x0 build_Orange_pi/fontx.o
 .bss           0x0000000000026105        0x0 build_Orange_pi/ili9340.o
 .bss           0x0000000000026105        0x0 build_Orange_pi/ILI9341_GFX.o
 .bss           0x0000000000026105        0x0 build_Orange_pi/ILI9341_STM32_Driver.o
 .bss           0x0000000000026105        0x0 build_Orange_pi/gpio.o
 *fill*         0x0000000000026105        0x3 
 .bss           0x0000000000026108      0x284 build_Orange_pi/rs232.o
 .bss           0x000000000002638c        0x0 build_Orange_pi/spi.o
 .bss           0x000000000002638c        0x0 /usr/arm-linux-gnueabihf/lib/libc_nonshared.a(elf-init.oS)
 .bss           0x000000000002638c        0x0 /usr/lib/gcc-cross/arm-linux-gnueabihf/5/crtend.o
 .bss           0x000000000002638c        0x0 /usr/lib/gcc-cross/arm-linux-gnueabihf/5/../../../../arm-linux-gnueabihf/lib/../lib/crtn.o
 *(COMMON)
 COMMON         0x000000000002638c       0x1e build_Orange_pi/ili9340.o
                0x000000000002638c                _width
                0x0000000000026390                _FONT_FILL_COLOR_
                0x0000000000026394                _offsetx
                0x0000000000026398                _FONT_FILL_
                0x000000000002639c                _height
                0x00000000000263a0                _offsety
                0x00000000000263a4                _FONT_DIRECTION_
                0x00000000000263a6                _FONT_UNDER_LINE_
                0x00000000000263a8                _FONT_UNDER_LINE_COLOR_
 *fill*         0x00000000000263aa        0x6 
 COMMON         0x00000000000263b0       0x30 build_Orange_pi/ILI9341_STM32_Driver.o
                0x00000000000263b0                HSPI_INSTANCE
                0x00000000000263e0                . = ALIGN ((. != 0x0)?0x4:0x1)
                0x00000000000263e0                _bss_end__ = .
                0x00000000000263e0                __bss_end__ = .
                0x00000000000263e0                . = ALIGN (0x4)
                0x00000000000263e0                . = SEGMENT_START ("ldata-segment", .)
                0x00000000000263e0                . = ALIGN (0x4)
                0x00000000000263e0                __end__ = .
                0x00000000000263e0                _end = .
                [!provide]                        PROVIDE (end, .)
                0x00000000000263e0                . = DATA_SEGMENT_END (.)

.stab
 *(.stab)

.stabstr
 *(.stabstr)

.stab.excl
 *(.stab.excl)

.stab.exclstr
 *(.stab.exclstr)

.stab.index
 *(.stab.index)

.stab.indexstr
 *(.stab.indexstr)

.comment        0x0000000000000000       0x3b
 *(.comment)
 .comment       0x0000000000000000       0x3b /usr/lib/gcc-cross/arm-linux-gnueabihf/5/crtbegin.o
                                         0x3c (size before relaxing)
 .comment       0x000000000000003b       0x3c build_Orange_pi/main.o
 .comment       0x000000000000003b       0x3c build_Orange_pi/fontx.o
 .comment       0x000000000000003b       0x3c build_Orange_pi/ili9340.o
 .comment       0x000000000000003b       0x3c build_Orange_pi/ILI9341_GFX.o
 .comment       0x000000000000003b       0x3c build_Orange_pi/ILI9341_STM32_Driver.o
 .comment       0x000000000000003b       0x3c build_Orange_pi/gpio.o
 .comment       0x000000000000003b       0x3c build_Orange_pi/rs232.o
 .comment       0x000000000000003b       0x3c build_Orange_pi/spi.o
 .comment       0x000000000000003b       0x3c /usr/lib/gcc-cross/arm-linux-gnueabihf/5/crtend.o

.ARM.attributes
                0x0000000000000000       0x33
 .ARM.attributes
                0x0000000000000000       0x33 /usr/lib/gcc-cross/arm-linux-gnueabihf/5/../../../../arm-linux-gnueabihf/lib/../lib/crt1.o
 .ARM.attributes
                0x0000000000000033       0x27 /usr/lib/gcc-cross/arm-linux-gnueabihf/5/../../../../arm-linux-gnueabihf/lib/../lib/crti.o
 .ARM.attributes
                0x000000000000005a       0x33 /usr/lib/gcc-cross/arm-linux-gnueabihf/5/crtbegin.o
 .ARM.attributes
                0x000000000000008d       0x33 build_Orange_pi/main.o
 .ARM.attributes
                0x00000000000000c0       0x33 build_Orange_pi/fontx.o
 .ARM.attributes
                0x00000000000000f3       0x33 build_Orange_pi/ili9340.o
 .ARM.attributes
                0x0000000000000126       0x33 build_Orange_pi/ILI9341_GFX.o
 .ARM.attributes
                0x0000000000000159       0x33 build_Orange_pi/ILI9341_STM32_Driver.o
 .ARM.attributes
                0x000000000000018c       0x33 build_Orange_pi/gpio.o
 .ARM.attributes
                0x00000000000001bf       0x33 build_Orange_pi/rs232.o
 .ARM.attributes
                0x00000000000001f2       0x33 build_Orange_pi/spi.o
 .ARM.attributes
                0x0000000000000225       0x35 /usr/arm-linux-gnueabihf/lib/libc_nonshared.a(elf-init.oS)
 .ARM.attributes
                0x000000000000025a       0x33 /usr/lib/gcc-cross/arm-linux-gnueabihf/5/crtend.o
 .ARM.attributes
                0x000000000000028d       0x27 /usr/lib/gcc-cross/arm-linux-gnueabihf/5/../../../../arm-linux-gnueabihf/lib/../lib/crtn.o

.debug
 *(.debug)

.line
 *(.line)

.debug_srcinfo
 *(.debug_srcinfo)

.debug_sfnames
 *(.debug_sfnames)

.debug_aranges
 *(.debug_aranges)

.debug_pubnames
 *(.debug_pubnames)

.debug_info
 *(.debug_info .gnu.linkonce.wi.*)

.debug_abbrev
 *(.debug_abbrev)

.debug_line
 *(.debug_line .debug_line.* .debug_line_end)

.debug_frame
 *(.debug_frame)

.debug_str
 *(.debug_str)

.debug_loc
 *(.debug_loc)

.debug_macinfo
 *(.debug_macinfo)

.debug_weaknames
 *(.debug_weaknames)

.debug_funcnames
 *(.debug_funcnames)

.debug_typenames
 *(.debug_typenames)

.debug_varnames
 *(.debug_varnames)

.debug_pubtypes
 *(.debug_pubtypes)

.debug_ranges
 *(.debug_ranges)

.debug_macro
 *(.debug_macro)

.gnu.attributes
 *(.gnu.attributes)

.note.gnu.arm.ident
 *(.note.gnu.arm.ident)

/DISCARD/
 *(.note.GNU-stack)
 *(.gnu_debuglink)
 *(.gnu.lto_*)
OUTPUT(build_Orange_pi/Orange_pi elf32-littlearm)
